
===========================================================================
report_checks -unconstrained
===========================================================================
======================= Fastest Corner ===================================

Startpoint: _3906_ (rising edge-triggered flip-flop clocked by clk)
Endpoint: q[2] (output port clocked by clk)
Path Group: clk
Path Type: max
Corner: Fastest

Fanout     Cap    Slew   Delay    Time   Description
-----------------------------------------------------------------------------
                  0.15    0.00    0.00   clock clk (rise edge)
                          0.00    0.00   clock network delay (ideal)
                  0.15    0.00    0.00 ^ _3906_/CLK (sky130_fd_sc_hd__dfxtp_2)
     7    0.04    0.17    0.34    0.34 ^ _3906_/Q (sky130_fd_sc_hd__dfxtp_2)
                                         _0000_ (net)
                  0.17    0.00    0.34 ^ _1767_/A (sky130_fd_sc_hd__buf_4)
    10    0.09    0.18    0.21    0.55 ^ _1767_/X (sky130_fd_sc_hd__buf_4)
                                         _0567_ (net)
                  0.18    0.01    0.56 ^ _1838_/A (sky130_fd_sc_hd__buf_4)
    10    0.08    0.17    0.20    0.76 ^ _1838_/X (sky130_fd_sc_hd__buf_4)
                                         _0638_ (net)
                  0.17    0.01    0.77 ^ _1959_/S0 (sky130_fd_sc_hd__mux4_1)
     1    0.01    0.08    0.33    1.10 v _1959_/X (sky130_fd_sc_hd__mux4_1)
                                         _0757_ (net)
                  0.08    0.00    1.10 v _1964_/A2 (sky130_fd_sc_hd__a21o_1)
     1    0.01    0.05    0.17    1.27 v _1964_/X (sky130_fd_sc_hd__a21o_1)
                                         _0762_ (net)
                  0.05    0.00    1.27 v _1971_/A2 (sky130_fd_sc_hd__mux4_1)
     1    0.02    0.12    0.37    1.64 v _1971_/X (sky130_fd_sc_hd__mux4_1)
                                         _0769_ (net)
                  0.12    0.00    1.64 v _1972_/B1 (sky130_fd_sc_hd__a22o_1)
     1    0.02    0.08    0.17    1.81 v _1972_/X (sky130_fd_sc_hd__a22o_1)
                                         net18 (net)
                  0.08    0.00    1.81 v output18/A (sky130_fd_sc_hd__clkbuf_4)
     1    0.04    0.06    0.15    1.96 v output18/X (sky130_fd_sc_hd__clkbuf_4)
                                         q[2] (net)
                  0.06    0.00    1.97 v q[2] (out)
                                  1.97   data arrival time

                  0.15   10.00   10.00   clock clk (rise edge)
                          0.00   10.00   clock network delay (ideal)
                         -0.25    9.75   clock uncertainty
                          0.00    9.75   clock reconvergence pessimism
                         -2.00    7.75   output external delay
                                  7.75   data required time
-----------------------------------------------------------------------------
                                  7.75   data required time
                                 -1.97   data arrival time
-----------------------------------------------------------------------------
                                  5.78   slack (MET)



======================= Slowest Corner ===================================

Startpoint: _3906_ (rising edge-triggered flip-flop clocked by clk)
Endpoint: q[4] (output port clocked by clk)
Path Group: clk
Path Type: max
Corner: Slowest

Fanout     Cap    Slew   Delay    Time   Description
-----------------------------------------------------------------------------
                  0.15    0.00    0.00   clock clk (rise edge)
                          0.00    0.00   clock network delay (ideal)
                  0.15    0.00    0.00 ^ _3906_/CLK (sky130_fd_sc_hd__dfxtp_2)
     7    0.04    0.35    0.95    0.95 ^ _3906_/Q (sky130_fd_sc_hd__dfxtp_2)
                                         _0000_ (net)
                  0.35    0.00    0.95 ^ _1767_/A (sky130_fd_sc_hd__buf_4)
    10    0.08    0.37    0.58    1.53 ^ _1767_/X (sky130_fd_sc_hd__buf_4)
                                         _0567_ (net)
                  0.37    0.00    1.53 ^ _1823_/A (sky130_fd_sc_hd__buf_4)
    10    0.09    0.39    0.59    2.12 ^ _1823_/X (sky130_fd_sc_hd__buf_4)
                                         _0623_ (net)
                  0.39    0.03    2.15 ^ _2061_/S0 (sky130_fd_sc_hd__mux4_1)
     1    0.01    0.19    1.45    3.60 v _2061_/X (sky130_fd_sc_hd__mux4_1)
                                         _0857_ (net)
                  0.19    0.00    3.60 v _2062_/B1 (sky130_fd_sc_hd__a22o_1)
     1    0.02    0.21    0.54    4.14 v _2062_/X (sky130_fd_sc_hd__a22o_1)
                                         _0858_ (net)
                  0.21    0.00    4.14 v _2081_/A0 (sky130_fd_sc_hd__mux4_1)
     1    0.02    0.31    1.44    5.58 v _2081_/X (sky130_fd_sc_hd__mux4_1)
                                         _0877_ (net)
                  0.31    0.00    5.59 v _2082_/B1 (sky130_fd_sc_hd__a22o_1)
     1    0.02    0.17    0.55    6.14 v _2082_/X (sky130_fd_sc_hd__a22o_1)
                                         net20 (net)
                  0.17    0.00    6.14 v output20/A (sky130_fd_sc_hd__clkbuf_4)
     1    0.03    0.14    0.39    6.53 v output20/X (sky130_fd_sc_hd__clkbuf_4)
                                         q[4] (net)
                  0.14    0.00    6.53 v q[4] (out)
                                  6.53   data arrival time

                  0.15   10.00   10.00   clock clk (rise edge)
                          0.00   10.00   clock network delay (ideal)
                         -0.25    9.75   clock uncertainty
                          0.00    9.75   clock reconvergence pessimism
                         -2.00    7.75   output external delay
                                  7.75   data required time
-----------------------------------------------------------------------------
                                  7.75   data required time
                                 -6.53   data arrival time
-----------------------------------------------------------------------------
                                  1.22   slack (MET)



======================= Typical Corner ===================================

Startpoint: _3906_ (rising edge-triggered flip-flop clocked by clk)
Endpoint: q[4] (output port clocked by clk)
Path Group: clk
Path Type: max
Corner: Typical

Fanout     Cap    Slew   Delay    Time   Description
-----------------------------------------------------------------------------
                  0.15    0.00    0.00   clock clk (rise edge)
                          0.00    0.00   clock network delay (ideal)
                  0.15    0.00    0.00 ^ _3906_/CLK (sky130_fd_sc_hd__dfxtp_2)
     7    0.04    0.22    0.51    0.51 ^ _3906_/Q (sky130_fd_sc_hd__dfxtp_2)
                                         _0000_ (net)
                  0.22    0.00    0.51 ^ _1767_/A (sky130_fd_sc_hd__buf_4)
    10    0.08    0.23    0.32    0.83 ^ _1767_/X (sky130_fd_sc_hd__buf_4)
                                         _0567_ (net)
                  0.23    0.00    0.83 ^ _1823_/A (sky130_fd_sc_hd__buf_4)
    10    0.09    0.25    0.32    1.15 ^ _1823_/X (sky130_fd_sc_hd__buf_4)
                                         _0623_ (net)
                  0.25    0.03    1.18 ^ _2061_/S0 (sky130_fd_sc_hd__mux4_1)
     1    0.01    0.10    0.64    1.82 v _2061_/X (sky130_fd_sc_hd__mux4_1)
                                         _0857_ (net)
                  0.10    0.00    1.82 v _2062_/B1 (sky130_fd_sc_hd__a22o_1)
     1    0.02    0.12    0.28    2.10 v _2062_/X (sky130_fd_sc_hd__a22o_1)
                                         _0858_ (net)
                  0.12    0.00    2.10 v _2081_/A0 (sky130_fd_sc_hd__mux4_1)
     1    0.02    0.17    0.65    2.75 v _2081_/X (sky130_fd_sc_hd__mux4_1)
                                         _0877_ (net)
                  0.17    0.00    2.76 v _2082_/B1 (sky130_fd_sc_hd__a22o_1)
     1    0.01    0.09    0.29    3.05 v _2082_/X (sky130_fd_sc_hd__a22o_1)
                                         net20 (net)
                  0.09    0.00    3.05 v output20/A (sky130_fd_sc_hd__clkbuf_4)
     1    0.03    0.08    0.21    3.26 v output20/X (sky130_fd_sc_hd__clkbuf_4)
                                         q[4] (net)
                  0.08    0.00    3.26 v q[4] (out)
                                  3.26   data arrival time

                  0.15   10.00   10.00   clock clk (rise edge)
                          0.00   10.00   clock network delay (ideal)
                         -0.25    9.75   clock uncertainty
                          0.00    9.75   clock reconvergence pessimism
                         -2.00    7.75   output external delay
                                  7.75   data required time
-----------------------------------------------------------------------------
                                  7.75   data required time
                                 -3.26   data arrival time
-----------------------------------------------------------------------------
                                  4.49   slack (MET)




===========================================================================
report_checks --slack_max -0.01
============================================================================
======================= Fastest Corner ===================================

No paths found.

======================= Slowest Corner ===================================

No paths found.

======================= Typical Corner ===================================

No paths found.


===========================================================================
 report_check_types -max_slew -max_cap -max_fanout -violators
============================================================================
======================= Fastest Corner ===================================

max fanout

Pin                                   Limit Fanout  Slack
---------------------------------------------------------
_2708_/X                                 10     13     -3 (VIOLATED)
_2720_/X                                 10     12     -2 (VIOLATED)
_1785_/X                                 10     11        (VIOLATED)
_1800_/X                                 10     11        (VIOLATED)
_2256_/X                                 10     11        (VIOLATED)
_2265_/X                                 10     11        (VIOLATED)
_2271_/X                                 10     11        (VIOLATED)
_2277_/X                                 10     11        (VIOLATED)
_2301_/X                                 10     11        (VIOLATED)
_2711_/X                                 10     11        (VIOLATED)
_2717_/X                                 10     11        (VIOLATED)
_2867_/X                                 10     11        (VIOLATED)
input8/X                                 10     11        (VIOLATED)


max slew violations count Fastest: 0
max fanout violations count Fastest: 13
max cap violations count Fastest: 0
======================= Slowest Corner ===================================

max fanout

Pin                                   Limit Fanout  Slack
---------------------------------------------------------
_2708_/X                                 10     13     -3 (VIOLATED)
_2720_/X                                 10     12     -2 (VIOLATED)
_1785_/X                                 10     11        (VIOLATED)
_1800_/X                                 10     11        (VIOLATED)
_2256_/X                                 10     11        (VIOLATED)
_2265_/X                                 10     11        (VIOLATED)
_2271_/X                                 10     11        (VIOLATED)
_2277_/X                                 10     11        (VIOLATED)
_2301_/X                                 10     11        (VIOLATED)
_2711_/X                                 10     11        (VIOLATED)
_2717_/X                                 10     11        (VIOLATED)
_2867_/X                                 10     11        (VIOLATED)
input8/X                                 10     11        (VIOLATED)


max slew violations count Slowest: 0
max fanout violations count Slowest: 13
max cap violations count Slowest: 0
======================= Typical Corner ===================================

max fanout

Pin                                   Limit Fanout  Slack
---------------------------------------------------------
_2708_/X                                 10     13     -3 (VIOLATED)
_2720_/X                                 10     12     -2 (VIOLATED)
_1785_/X                                 10     11        (VIOLATED)
_1800_/X                                 10     11        (VIOLATED)
_2256_/X                                 10     11        (VIOLATED)
_2265_/X                                 10     11        (VIOLATED)
_2271_/X                                 10     11        (VIOLATED)
_2277_/X                                 10     11        (VIOLATED)
_2301_/X                                 10     11        (VIOLATED)
_2711_/X                                 10     11        (VIOLATED)
_2717_/X                                 10     11        (VIOLATED)
_2867_/X                                 10     11        (VIOLATED)
input8/X                                 10     11        (VIOLATED)


max slew violations count Typical: 0
max fanout violations count Typical: 13
max cap violations count Typical: 0

===========================================================================
report_parasitic_annotation -report_unannotated
============================================================================
Found 0 unannotated drivers.
Found 0 partially unannotated drivers.

===========================================================================
max slew violation count 0
max fanout violation count 13
max cap violation count 0
============================================================================

===========================================================================
check_setup -verbose -unconstrained_endpoints -multiple_clock -no_clock -no_input_delay -loops -generated_clocks
===========================================================================
